// Vitest Snapshot v1, https://vitest.dev/guide/snapshot.html

exports[`Given LoadAllPhones component > When the component is rendered > Then it should match the snapshot 1`] = `
<div>
  <div
    class="MuiBox-root css-17ls7xt"
  >
    <button
      class="MuiButtonBase-root MuiButton-root MuiButton-contained MuiButton-containedPrimary MuiButton-sizeMedium MuiButton-containedSizeMedium MuiButton-colorPrimary MuiButton-root MuiButton-contained MuiButton-containedPrimary MuiButton-sizeMedium MuiButton-containedSizeMedium MuiButton-colorPrimary css-74d805-MuiButtonBase-root-MuiButton-root"
      data-testid="load-all-phones-button"
      tabindex="0"
      type="button"
    >
      <span
        class="MuiButton-icon MuiButton-startIcon MuiButton-iconSizeMedium css-1sh91j5-MuiButton-startIcon"
      >
        <svg
          aria-hidden="true"
          class="MuiSvgIcon-root MuiSvgIcon-fontSizeMedium css-1umw9bq-MuiSvgIcon-root"
          data-testid="ExpandCircleDownIcon"
          focusable="false"
          viewBox="0 0 24 24"
        >
          <path
            d="M12 2C6.48 2 2 6.48 2 12s4.48 10 10 10 10-4.48 10-10S17.52 2 12 2m0 13.5L7.5 11l1.42-1.41L12 12.67l3.08-3.08L16.5 11z"
          />
        </svg>
      </span>
      <span
        class="MuiButton-loadingWrapper"
        style="display: contents;"
      />
      Ver todo
    </button>
  </div>
</div>
`;
