// Vitest Snapshot v1, https://vitest.dev/guide/snapshot.html

exports[`Given NavButton component > When the component is rendered > Then it should match the snapshot 1`] = `
<div>
  <a
    aria-current="page"
    class="active"
    href="/"
  >
    <button
      class="MuiButtonBase-root MuiButton-root MuiButton-outlined MuiButton-outlinedPrimary MuiButton-sizeMedium MuiButton-outlinedSizeMedium MuiButton-colorPrimary MuiButton-root MuiButton-outlined MuiButton-outlinedPrimary MuiButton-sizeMedium MuiButton-outlinedSizeMedium MuiButton-colorPrimary css-1blvszr-MuiButtonBase-root-MuiButton-root"
      tabindex="0"
      type="button"
    >
      <span>
        Home
      </span>
    </button>
  </a>
</div>
`;
