// Vitest Snapshot v1, https://vitest.dev/guide/snapshot.html

exports[`Given PhonePage component > And phoneDetails is defined > Then it should match snapshot 1`] = `
<div>
  <div
    class="MuiContainer-root MuiContainer-maxWidthLg css-5c1adp-MuiContainer-root"
  >
    <div
      class="MuiStack-root css-jfdv4h-MuiStack-root"
    >
      <div
        class="MuiBox-root css-0"
      >
        <div
          class="MuiChip-root MuiChip-filled MuiChip-sizeSmall MuiChip-colorPrimary MuiChip-filledPrimary css-12mrdyl-MuiChip-root"
        >
          <svg
            aria-hidden="true"
            class="MuiSvgIcon-root MuiSvgIcon-fontSizeMedium MuiChip-icon MuiChip-iconSmall MuiChip-iconColorPrimary css-1umw9bq-MuiSvgIcon-root"
            data-testid="SmartphoneIcon"
            focusable="false"
            viewBox="0 0 24 24"
          >
            <path
              d="M17 1.01 7 1c-1.1 0-2 .9-2 2v18c0 1.1.9 2 2 2h10c1.1 0 2-.9 2-2V3c0-1.1-.9-1.99-2-1.99M17 19H7V5h10z"
            />
          </svg>
          <span
            class="MuiChip-label MuiChip-labelSmall css-eccknh-MuiChip-label"
          >
            brand
          </span>
        </div>
        <div
          class="MuiChip-root MuiChip-filled MuiChip-sizeSmall MuiChip-colorSecondary MuiChip-filledSecondary css-3p8epo-MuiChip-root"
        >
          <svg
            aria-hidden="true"
            class="MuiSvgIcon-root MuiSvgIcon-fontSizeMedium MuiChip-icon MuiChip-iconSmall MuiChip-iconColorSecondary css-1umw9bq-MuiSvgIcon-root"
            data-testid="EuroIcon"
            focusable="false"
            viewBox="0 0 24 24"
          >
            <path
              d="M15 18.5c-2.51 0-4.68-1.42-5.76-3.5H15l1-2H8.58c-.05-.33-.08-.66-.08-1s.03-.67.08-1H15l1-2H9.24C10.32 6.92 12.5 5.5 15 5.5c1.61 0 3.09.59 4.23 1.57L21 5.3C19.41 3.87 17.3 3 15 3c-3.92 0-7.24 2.51-8.48 6H3l-1 2h4.06c-.04.33-.06.66-.06 1s.02.67.06 1H3l-1 2h4.52c1.24 3.49 4.56 6 8.48 6 2.31 0 4.41-.87 6-2.3l-1.78-1.77c-1.13.98-2.6 1.57-4.22 1.57"
            />
          </svg>
          <span
            class="MuiChip-label MuiChip-labelSmall css-eccknh-MuiChip-label"
          >
            desde 0.00 â‚¬
          </span>
        </div>
      </div>
      <div
        class="MuiStack-root css-niqf4j-MuiStack-root"
      >
        <span
          aria-label="0 Stars"
          class="MuiRating-root MuiRating-sizeMedium Mui-readOnly css-i0l71t-MuiRating-root"
          role="img"
        >
          <span
            class="MuiRating-decimal css-1czqjfa-MuiRating-decimal"
          >
            <span
              style="width: 0%; overflow: hidden; position: absolute;"
            >
              <span
                class="MuiRating-icon MuiRating-iconEmpty css-9xw0na-MuiRating-icon"
              >
                <svg
                  aria-hidden="true"
                  class="MuiSvgIcon-root MuiSvgIcon-fontSizeInherit css-1ckov0h-MuiSvgIcon-root"
                  data-testid="StarBorderIcon"
                  focusable="false"
                  viewBox="0 0 24 24"
                >
                  <path
                    d="M22 9.24l-7.19-.62L12 2 9.19 8.63 2 9.24l5.46 4.73L5.82 21 12 17.27 18.18 21l-1.63-7.03L22 9.24zM12 15.4l-3.76 2.27 1-4.28-3.32-2.88 4.38-.38L12 6.1l1.71 4.04 4.38.38-3.32 2.88 1 4.28L12 15.4z"
                  />
                </svg>
              </span>
            </span>
            <span>
              <span
                class="MuiRating-icon MuiRating-iconEmpty css-9xw0na-MuiRating-icon"
              >
                <svg
                  aria-hidden="true"
                  class="MuiSvgIcon-root MuiSvgIcon-fontSizeInherit css-1ckov0h-MuiSvgIcon-root"
                  data-testid="StarBorderIcon"
                  focusable="false"
                  viewBox="0 0 24 24"
                >
                  <path
                    d="M22 9.24l-7.19-.62L12 2 9.19 8.63 2 9.24l5.46 4.73L5.82 21 12 17.27 18.18 21l-1.63-7.03L22 9.24zM12 15.4l-3.76 2.27 1-4.28-3.32-2.88 4.38-.38L12 6.1l1.71 4.04 4.38.38-3.32 2.88 1 4.28L12 15.4z"
                  />
                </svg>
              </span>
            </span>
          </span>
          <span
            class="MuiRating-decimal css-1czqjfa-MuiRating-decimal"
          >
            <span
              style="width: 0%; overflow: hidden; position: absolute;"
            >
              <span
                class="MuiRating-icon MuiRating-iconEmpty css-9xw0na-MuiRating-icon"
              >
                <svg
                  aria-hidden="true"
                  class="MuiSvgIcon-root MuiSvgIcon-fontSizeInherit css-1ckov0h-MuiSvgIcon-root"
                  data-testid="StarBorderIcon"
                  focusable="false"
                  viewBox="0 0 24 24"
                >
                  <path
                    d="M22 9.24l-7.19-.62L12 2 9.19 8.63 2 9.24l5.46 4.73L5.82 21 12 17.27 18.18 21l-1.63-7.03L22 9.24zM12 15.4l-3.76 2.27 1-4.28-3.32-2.88 4.38-.38L12 6.1l1.71 4.04 4.38.38-3.32 2.88 1 4.28L12 15.4z"
                  />
                </svg>
              </span>
            </span>
            <span>
              <span
                class="MuiRating-icon MuiRating-iconEmpty css-9xw0na-MuiRating-icon"
              >
                <svg
                  aria-hidden="true"
                  class="MuiSvgIcon-root MuiSvgIcon-fontSizeInherit css-1ckov0h-MuiSvgIcon-root"
                  data-testid="StarBorderIcon"
                  focusable="false"
                  viewBox="0 0 24 24"
                >
                  <path
                    d="M22 9.24l-7.19-.62L12 2 9.19 8.63 2 9.24l5.46 4.73L5.82 21 12 17.27 18.18 21l-1.63-7.03L22 9.24zM12 15.4l-3.76 2.27 1-4.28-3.32-2.88 4.38-.38L12 6.1l1.71 4.04 4.38.38-3.32 2.88 1 4.28L12 15.4z"
                  />
                </svg>
              </span>
            </span>
          </span>
          <span
            class="MuiRating-decimal css-1czqjfa-MuiRating-decimal"
          >
            <span
              style="width: 0%; overflow: hidden; position: absolute;"
            >
              <span
                class="MuiRating-icon MuiRating-iconEmpty css-9xw0na-MuiRating-icon"
              >
                <svg
                  aria-hidden="true"
                  class="MuiSvgIcon-root MuiSvgIcon-fontSizeInherit css-1ckov0h-MuiSvgIcon-root"
                  data-testid="StarBorderIcon"
                  focusable="false"
                  viewBox="0 0 24 24"
                >
                  <path
                    d="M22 9.24l-7.19-.62L12 2 9.19 8.63 2 9.24l5.46 4.73L5.82 21 12 17.27 18.18 21l-1.63-7.03L22 9.24zM12 15.4l-3.76 2.27 1-4.28-3.32-2.88 4.38-.38L12 6.1l1.71 4.04 4.38.38-3.32 2.88 1 4.28L12 15.4z"
                  />
                </svg>
              </span>
            </span>
            <span>
              <span
                class="MuiRating-icon MuiRating-iconEmpty css-9xw0na-MuiRating-icon"
              >
                <svg
                  aria-hidden="true"
                  class="MuiSvgIcon-root MuiSvgIcon-fontSizeInherit css-1ckov0h-MuiSvgIcon-root"
                  data-testid="StarBorderIcon"
                  focusable="false"
                  viewBox="0 0 24 24"
                >
                  <path
                    d="M22 9.24l-7.19-.62L12 2 9.19 8.63 2 9.24l5.46 4.73L5.82 21 12 17.27 18.18 21l-1.63-7.03L22 9.24zM12 15.4l-3.76 2.27 1-4.28-3.32-2.88 4.38-.38L12 6.1l1.71 4.04 4.38.38-3.32 2.88 1 4.28L12 15.4z"
                  />
                </svg>
              </span>
            </span>
          </span>
          <span
            class="MuiRating-decimal css-1czqjfa-MuiRating-decimal"
          >
            <span
              style="width: 0%; overflow: hidden; position: absolute;"
            >
              <span
                class="MuiRating-icon MuiRating-iconEmpty css-9xw0na-MuiRating-icon"
              >
                <svg
                  aria-hidden="true"
                  class="MuiSvgIcon-root MuiSvgIcon-fontSizeInherit css-1ckov0h-MuiSvgIcon-root"
                  data-testid="StarBorderIcon"
                  focusable="false"
                  viewBox="0 0 24 24"
                >
                  <path
                    d="M22 9.24l-7.19-.62L12 2 9.19 8.63 2 9.24l5.46 4.73L5.82 21 12 17.27 18.18 21l-1.63-7.03L22 9.24zM12 15.4l-3.76 2.27 1-4.28-3.32-2.88 4.38-.38L12 6.1l1.71 4.04 4.38.38-3.32 2.88 1 4.28L12 15.4z"
                  />
                </svg>
              </span>
            </span>
            <span>
              <span
                class="MuiRating-icon MuiRating-iconEmpty css-9xw0na-MuiRating-icon"
              >
                <svg
                  aria-hidden="true"
                  class="MuiSvgIcon-root MuiSvgIcon-fontSizeInherit css-1ckov0h-MuiSvgIcon-root"
                  data-testid="StarBorderIcon"
                  focusable="false"
                  viewBox="0 0 24 24"
                >
                  <path
                    d="M22 9.24l-7.19-.62L12 2 9.19 8.63 2 9.24l5.46 4.73L5.82 21 12 17.27 18.18 21l-1.63-7.03L22 9.24zM12 15.4l-3.76 2.27 1-4.28-3.32-2.88 4.38-.38L12 6.1l1.71 4.04 4.38.38-3.32 2.88 1 4.28L12 15.4z"
                  />
                </svg>
              </span>
            </span>
          </span>
          <span
            class="MuiRating-decimal css-1czqjfa-MuiRating-decimal"
          >
            <span
              style="width: 0%; overflow: hidden; position: absolute;"
            >
              <span
                class="MuiRating-icon MuiRating-iconEmpty css-9xw0na-MuiRating-icon"
              >
                <svg
                  aria-hidden="true"
                  class="MuiSvgIcon-root MuiSvgIcon-fontSizeInherit css-1ckov0h-MuiSvgIcon-root"
                  data-testid="StarBorderIcon"
                  focusable="false"
                  viewBox="0 0 24 24"
                >
                  <path
                    d="M22 9.24l-7.19-.62L12 2 9.19 8.63 2 9.24l5.46 4.73L5.82 21 12 17.27 18.18 21l-1.63-7.03L22 9.24zM12 15.4l-3.76 2.27 1-4.28-3.32-2.88 4.38-.38L12 6.1l1.71 4.04 4.38.38-3.32 2.88 1 4.28L12 15.4z"
                  />
                </svg>
              </span>
            </span>
            <span>
              <span
                class="MuiRating-icon MuiRating-iconEmpty css-9xw0na-MuiRating-icon"
              >
                <svg
                  aria-hidden="true"
                  class="MuiSvgIcon-root MuiSvgIcon-fontSizeInherit css-1ckov0h-MuiSvgIcon-root"
                  data-testid="StarBorderIcon"
                  focusable="false"
                  viewBox="0 0 24 24"
                >
                  <path
                    d="M22 9.24l-7.19-.62L12 2 9.19 8.63 2 9.24l5.46 4.73L5.82 21 12 17.27 18.18 21l-1.63-7.03L22 9.24zM12 15.4l-3.76 2.27 1-4.28-3.32-2.88 4.38-.38L12 6.1l1.71 4.04 4.38.38-3.32 2.88 1 4.28L12 15.4z"
                  />
                </svg>
              </span>
            </span>
          </span>
        </span>
        <span
          class="MuiTypography-root MuiTypography-body1 css-rizt0-MuiTypography-root"
        >
           de 5 estrellas
        </span>
      </div>
      <h2
        class="MuiTypography-root MuiTypography-h5 css-16xl4zq-MuiTypography-root"
      >
        name
      </h2>
    </div>
    <hr
      class="MuiDivider-root MuiDivider-fullWidth css-zzw4lh-MuiDivider-root"
    />
    <div
      class="MuiGrid-root MuiGrid-container MuiGrid-direction-xs-row MuiGrid-spacing-xs-2 css-zjhuaj-MuiGrid-root"
    >
      <div
        class="MuiGrid-root MuiGrid-direction-xs-row MuiGrid-grid-xs-12 MuiGrid-grid-md-6 css-204a8q-MuiGrid-root"
      >
        <div
          class="MuiBox-root css-17ls7xt"
        >
          <img
            alt="brand name"
            src="imageUrl"
            width="100%"
          />
        </div>
      </div>
      <div
        class="MuiGrid-root MuiGrid-direction-xs-row MuiGrid-grid-xs-12 MuiGrid-grid-md-6 css-204a8q-MuiGrid-root"
      >
        <div
          class="MuiStack-root css-1sazv7p-MuiStack-root"
        >
          <div
            class="MuiBox-root css-0"
          >
            <h3
              class="MuiTypography-root MuiTypography-h6 css-1hgt7rk-MuiTypography-root"
            >
              DescripciÃ³n
            </h3>
            <p
              class="MuiTypography-root MuiTypography-body1 css-rizt0-MuiTypography-root"
            >
              description
            </p>
          </div>
          <div
            class="MuiBox-root css-0"
          >
            <h3
              class="MuiTypography-root MuiTypography-h6 css-1hgt7rk-MuiTypography-root"
            >
              Especificaciones
            </h3>
            <ul
              class="MuiList-root MuiList-padding MuiList-dense css-b7dj7n-MuiList-root"
            >
              <li
                class="MuiListItem-root MuiListItem-dense MuiListItem-gutters MuiListItem-padding css-qyw6ft-MuiListItem-root"
              >
                <div
                  class="MuiListItemText-root MuiListItemText-dense MuiListItemText-multiline css-14ln1j6-MuiListItemText-root"
                >
                  <span
                    class="MuiTypography-root MuiTypography-body2 MuiListItemText-primary css-7ctihp-MuiTypography-root"
                  >
                    Pantalla
                  </span>
                  <p
                    class="MuiTypography-root MuiTypography-body2 MuiListItemText-secondary css-1a1whku-MuiTypography-root"
                  >
                    screen
                  </p>
                </div>
              </li>
              <li
                class="MuiListItem-root MuiListItem-dense MuiListItem-gutters MuiListItem-padding css-qyw6ft-MuiListItem-root"
              >
                <div
                  class="MuiListItemText-root MuiListItemText-dense MuiListItemText-multiline css-14ln1j6-MuiListItemText-root"
                >
                  <span
                    class="MuiTypography-root MuiTypography-body2 MuiListItemText-primary css-7ctihp-MuiTypography-root"
                  >
                    ResoluciÃ³n
                  </span>
                  <p
                    class="MuiTypography-root MuiTypography-body2 MuiListItemText-secondary css-1a1whku-MuiTypography-root"
                  >
                    resolution
                  </p>
                </div>
              </li>
              <li
                class="MuiListItem-root MuiListItem-dense MuiListItem-gutters MuiListItem-padding css-qyw6ft-MuiListItem-root"
              >
                <div
                  class="MuiListItemText-root MuiListItemText-dense MuiListItemText-multiline css-14ln1j6-MuiListItemText-root"
                >
                  <span
                    class="MuiTypography-root MuiTypography-body2 MuiListItemText-primary css-7ctihp-MuiTypography-root"
                  >
                    Procesador
                  </span>
                  <p
                    class="MuiTypography-root MuiTypography-body2 MuiListItemText-secondary css-1a1whku-MuiTypography-root"
                  >
                    processor
                  </p>
                </div>
              </li>
              <li
                class="MuiListItem-root MuiListItem-dense MuiListItem-gutters MuiListItem-padding css-qyw6ft-MuiListItem-root"
              >
                <div
                  class="MuiListItemText-root MuiListItemText-dense MuiListItemText-multiline css-14ln1j6-MuiListItemText-root"
                >
                  <span
                    class="MuiTypography-root MuiTypography-body2 MuiListItemText-primary css-7ctihp-MuiTypography-root"
                  >
                    CÃ¡mara trasera
                  </span>
                  <p
                    class="MuiTypography-root MuiTypography-body2 MuiListItemText-secondary css-1a1whku-MuiTypography-root"
                  >
                    mainCamera
                  </p>
                </div>
              </li>
              <li
                class="MuiListItem-root MuiListItem-dense MuiListItem-gutters MuiListItem-padding css-qyw6ft-MuiListItem-root"
              >
                <div
                  class="MuiListItemText-root MuiListItemText-dense MuiListItemText-multiline css-14ln1j6-MuiListItemText-root"
                >
                  <span
                    class="MuiTypography-root MuiTypography-body2 MuiListItemText-primary css-7ctihp-MuiTypography-root"
                  >
                    CÃ¡mara delantera
                  </span>
                  <p
                    class="MuiTypography-root MuiTypography-body2 MuiListItemText-secondary css-1a1whku-MuiTypography-root"
                  >
                    selfieCamera
                  </p>
                </div>
              </li>
              <li
                class="MuiListItem-root MuiListItem-dense MuiListItem-gutters MuiListItem-padding css-qyw6ft-MuiListItem-root"
              >
                <div
                  class="MuiListItemText-root MuiListItemText-dense MuiListItemText-multiline css-14ln1j6-MuiListItemText-root"
                >
                  <span
                    class="MuiTypography-root MuiTypography-body2 MuiListItemText-primary css-7ctihp-MuiTypography-root"
                  >
                    Bateria
                  </span>
                  <p
                    class="MuiTypography-root MuiTypography-body2 MuiListItemText-secondary css-1a1whku-MuiTypography-root"
                  >
                    battery
                  </p>
                </div>
              </li>
              <li
                class="MuiListItem-root MuiListItem-dense MuiListItem-gutters MuiListItem-padding css-qyw6ft-MuiListItem-root"
              >
                <div
                  class="MuiListItemText-root MuiListItemText-dense MuiListItemText-multiline css-14ln1j6-MuiListItemText-root"
                >
                  <span
                    class="MuiTypography-root MuiTypography-body2 MuiListItemText-primary css-7ctihp-MuiTypography-root"
                  >
                    Sistema Operativo
                  </span>
                  <p
                    class="MuiTypography-root MuiTypography-body2 MuiListItemText-secondary css-1a1whku-MuiTypography-root"
                  >
                    os
                  </p>
                </div>
              </li>
              <li
                class="MuiListItem-root MuiListItem-dense MuiListItem-gutters MuiListItem-padding css-qyw6ft-MuiListItem-root"
              >
                <div
                  class="MuiListItemText-root MuiListItemText-dense MuiListItemText-multiline css-14ln1j6-MuiListItemText-root"
                >
                  <span
                    class="MuiTypography-root MuiTypography-body2 MuiListItemText-primary css-7ctihp-MuiTypography-root"
                  >
                    Refresh rate
                  </span>
                  <p
                    class="MuiTypography-root MuiTypography-body2 MuiListItemText-secondary css-1a1whku-MuiTypography-root"
                  >
                    screenRefreshRate
                  </p>
                </div>
              </li>
            </ul>
          </div>
        </div>
      </div>
      <div
        class="MuiGrid-root MuiGrid-direction-xs-row MuiGrid-grid-xs-12 css-yqiqnf-MuiGrid-root"
      >
        <hr
          class="MuiDivider-root MuiDivider-fullWidth css-1jpc804-MuiDivider-root"
        />
      </div>
      <div
        class="MuiGrid-root MuiGrid-direction-xs-row MuiGrid-grid-xs-6 css-1ml5fja-MuiGrid-root"
      >
        <div
          class="MuiFormControl-root MuiFormControl-fullWidth css-ytlejw-MuiFormControl-root"
        >
          <label
            class="MuiFormLabel-root MuiInputLabel-root MuiInputLabel-formControl MuiInputLabel-animated MuiInputLabel-filled MuiFormLabel-colorPrimary MuiInputLabel-root MuiInputLabel-formControl MuiInputLabel-animated MuiInputLabel-filled css-1u43uf3-MuiFormLabel-root-MuiInputLabel-root"
            data-shrink="false"
            for="color-select"
            id="color-select-label"
          >
            Color
          </label>
          <div
            class="MuiInputBase-root MuiFilledInput-root MuiFilledInput-underline MuiInputBase-colorPrimary MuiInputBase-formControl MuiSelect-root css-uq6ac5-MuiInputBase-root-MuiFilledInput-root-MuiSelect-root"
            data-testid="color-select"
          >
            <div
              aria-expanded="false"
              aria-haspopup="listbox"
              aria-labelledby="color-select-label color-select"
              class="MuiSelect-select MuiSelect-filled MuiInputBase-input MuiFilledInput-input css-1y2qbti-MuiNativeSelect-root-MuiSelect-select-MuiInputBase-input-MuiFilledInput-input"
              id="color-select"
              role="combobox"
              tabindex="0"
            >
              <span
                aria-hidden="true"
                class="notranslate"
              >
                â€‹
              </span>
            </div>
            <input
              aria-hidden="true"
              aria-invalid="false"
              class="MuiSelect-nativeInput css-j0riat-MuiSelect-nativeInput"
              name="color-select"
              tabindex="-1"
              value=""
            />
            <svg
              aria-hidden="true"
              class="MuiSvgIcon-root MuiSvgIcon-fontSizeMedium MuiSelect-icon MuiSelect-iconFilled css-1rfqz7c-MuiSvgIcon-root-MuiNativeSelect-root-MuiSelect-icon"
              data-testid="ArrowDropDownIcon"
              focusable="false"
              viewBox="0 0 24 24"
            >
              <path
                d="M7 10l5 5 5-5z"
              />
            </svg>
          </div>
        </div>
      </div>
      <div
        class="MuiGrid-root MuiGrid-direction-xs-row MuiGrid-grid-xs-6 css-1ml5fja-MuiGrid-root"
      >
        <div
          class="MuiFormControl-root MuiFormControl-fullWidth css-ytlejw-MuiFormControl-root"
        >
          <label
            class="MuiFormLabel-root MuiInputLabel-root MuiInputLabel-formControl MuiInputLabel-animated MuiInputLabel-filled MuiFormLabel-colorPrimary MuiInputLabel-root MuiInputLabel-formControl MuiInputLabel-animated MuiInputLabel-filled css-1u43uf3-MuiFormLabel-root-MuiInputLabel-root"
            data-shrink="false"
            for="storage-select"
            id="storage-select-label"
          >
            Almacenamiento
          </label>
          <div
            class="MuiInputBase-root MuiFilledInput-root MuiFilledInput-underline MuiInputBase-colorSuccess MuiInputBase-formControl MuiSelect-root css-zz817j-MuiInputBase-root-MuiFilledInput-root-MuiSelect-root"
            data-testid="storage-select"
          >
            <div
              aria-expanded="false"
              aria-haspopup="listbox"
              aria-labelledby="storage-select-label storage-select"
              class="MuiSelect-select MuiSelect-filled MuiInputBase-input MuiFilledInput-input css-1y2qbti-MuiNativeSelect-root-MuiSelect-select-MuiInputBase-input-MuiFilledInput-input"
              id="storage-select"
              role="combobox"
              tabindex="0"
            >
              <span
                aria-hidden="true"
                class="notranslate"
              >
                â€‹
              </span>
            </div>
            <input
              aria-hidden="true"
              aria-invalid="false"
              class="MuiSelect-nativeInput css-j0riat-MuiSelect-nativeInput"
              name="storage-select"
              tabindex="-1"
              value=""
            />
            <svg
              aria-hidden="true"
              class="MuiSvgIcon-root MuiSvgIcon-fontSizeMedium MuiSelect-icon MuiSelect-iconFilled css-1rfqz7c-MuiSvgIcon-root-MuiNativeSelect-root-MuiSelect-icon"
              data-testid="ArrowDropDownIcon"
              focusable="false"
              viewBox="0 0 24 24"
            >
              <path
                d="M7 10l5 5 5-5z"
              />
            </svg>
          </div>
        </div>
      </div>
      <div
        class="MuiGrid-root MuiGrid-direction-xs-row css-29aoi6-MuiGrid-root"
      >
        <div
          class="MuiStack-root css-15bx9vo-MuiStack-root"
        >
          <button
            class="MuiButtonBase-root MuiButton-root MuiButton-contained MuiButton-containedSuccess MuiButton-sizeLarge MuiButton-containedSizeLarge MuiButton-colorSuccess Mui-disabled MuiButton-root MuiButton-contained MuiButton-containedSuccess MuiButton-sizeLarge MuiButton-containedSizeLarge MuiButton-colorSuccess css-1l4a4zd-MuiButtonBase-root-MuiButton-root"
            data-testid="add-to-cart-button"
            disabled=""
            tabindex="-1"
            type="button"
          >
            <span
              class="MuiButton-icon MuiButton-startIcon MuiButton-iconSizeLarge css-hev6se-MuiButton-startIcon"
            >
              <svg
                aria-hidden="true"
                class="MuiSvgIcon-root MuiSvgIcon-fontSizeMedium css-1umw9bq-MuiSvgIcon-root"
                data-testid="AddShoppingCartIcon"
                focusable="false"
                viewBox="0 0 24 24"
              >
                <path
                  d="M11 9h2V6h3V4h-3V1h-2v3H8v2h3zm-4 9c-1.1 0-1.99.9-1.99 2S5.9 22 7 22s2-.9 2-2-.9-2-2-2m10 0c-1.1 0-1.99.9-1.99 2s.89 2 1.99 2 2-.9 2-2-.9-2-2-2m-9.83-3.25.03-.12.9-1.63h7.45c.75 0 1.41-.41 1.75-1.03l3.86-7.01L19.42 4h-.01l-1.1 2-2.76 5H8.53l-.13-.27L6.16 6l-.95-2-.94-2H1v2h2l3.6 7.59-1.35 2.45c-.16.28-.25.61-.25.96 0 1.1.9 2 2 2h12v-2H7.42c-.13 0-.25-.11-.25-.25"
                />
              </svg>
            </span>
            AÃ±adir al carrito
          </button>
        </div>
      </div>
      <div
        class="MuiGrid-root MuiGrid-direction-xs-row MuiGrid-grid-xs-12 css-yqiqnf-MuiGrid-root"
      >
        <hr
          class="MuiDivider-root MuiDivider-fullWidth css-1jpc804-MuiDivider-root"
        />
      </div>
      <div
        class="MuiGrid-root MuiGrid-container MuiGrid-direction-xs-row MuiGrid-grid-xs-12 MuiGrid-spacing-xs-2 css-1314ia1-MuiGrid-root"
      >
        <div
          class="MuiGrid-root MuiGrid-direction-xs-row MuiGrid-grid-xs-12 css-yqiqnf-MuiGrid-root"
        >
          <h2
            class="MuiTypography-root MuiTypography-h5 css-16xl4zq-MuiTypography-root"
          >
            Productos similares
          </h2>
        </div>
      </div>
    </div>
  </div>
</div>
`;

exports[`Given PhonePage component > And phoneDetails is null > Then it should match snapshot 1`] = `
<div>
  <div
    class="MuiContainer-root MuiContainer-maxWidthLg css-5c1adp-MuiContainer-root"
  >
    <div
      class="MuiStack-root css-jfdv4h-MuiStack-root"
    >
      <span
        class="MuiSkeleton-root MuiSkeleton-text MuiSkeleton-pulse css-kkcbhd-MuiSkeleton-root"
        style="width: 150px;"
      />
      <span
        class="MuiSkeleton-root MuiSkeleton-text MuiSkeleton-pulse css-kkcbhd-MuiSkeleton-root"
        style="width: 150px;"
      />
      <span
        class="MuiSkeleton-root MuiSkeleton-text MuiSkeleton-pulse css-kkcbhd-MuiSkeleton-root"
        style="width: 200px;"
      />
    </div>
    <hr
      class="MuiDivider-root MuiDivider-fullWidth css-zzw4lh-MuiDivider-root"
    />
    <div
      class="MuiGrid-root MuiGrid-container MuiGrid-direction-xs-row MuiGrid-spacing-xs-2 css-zjhuaj-MuiGrid-root"
    >
      <div
        class="MuiGrid-root MuiGrid-direction-xs-row MuiGrid-grid-xs-12 MuiGrid-grid-md-6 css-204a8q-MuiGrid-root"
      >
        <div
          class="MuiBox-root css-17ls7xt"
        >
          <span
            class="MuiSkeleton-root MuiSkeleton-text MuiSkeleton-pulse css-kkcbhd-MuiSkeleton-root"
            style="height: 500px;"
          />
        </div>
      </div>
      <div
        class="MuiGrid-root MuiGrid-direction-xs-row MuiGrid-grid-xs-12 MuiGrid-grid-md-6 css-204a8q-MuiGrid-root"
      >
        <span
          class="MuiSkeleton-root MuiSkeleton-text MuiSkeleton-pulse css-kkcbhd-MuiSkeleton-root"
          style="height: 500px;"
        />
      </div>
      <div
        class="MuiGrid-root MuiGrid-direction-xs-row MuiGrid-grid-xs-12 css-yqiqnf-MuiGrid-root"
      >
        <hr
          class="MuiDivider-root MuiDivider-fullWidth css-1jpc804-MuiDivider-root"
        />
      </div>
      <div
        class="MuiGrid-root MuiGrid-direction-xs-row MuiGrid-grid-xs-6 css-1ml5fja-MuiGrid-root"
      >
        <span
          class="MuiSkeleton-root MuiSkeleton-text MuiSkeleton-pulse css-kkcbhd-MuiSkeleton-root"
          style="height: 32px;"
        />
      </div>
      <div
        class="MuiGrid-root MuiGrid-direction-xs-row MuiGrid-grid-xs-6 css-1ml5fja-MuiGrid-root"
      >
        <span
          class="MuiSkeleton-root MuiSkeleton-text MuiSkeleton-pulse css-kkcbhd-MuiSkeleton-root"
          style="height: 32px;"
        />
      </div>
      <div
        class="MuiGrid-root MuiGrid-direction-xs-row css-29aoi6-MuiGrid-root"
      >
        <div
          class="MuiStack-root css-15bx9vo-MuiStack-root"
        >
          <button
            class="MuiButtonBase-root MuiButton-root MuiButton-contained MuiButton-containedSuccess MuiButton-sizeLarge MuiButton-containedSizeLarge MuiButton-colorSuccess Mui-disabled MuiButton-root MuiButton-contained MuiButton-containedSuccess MuiButton-sizeLarge MuiButton-containedSizeLarge MuiButton-colorSuccess css-1l4a4zd-MuiButtonBase-root-MuiButton-root"
            data-testid="add-to-cart-button"
            disabled=""
            tabindex="-1"
            type="button"
          >
            <span
              class="MuiButton-icon MuiButton-startIcon MuiButton-iconSizeLarge css-hev6se-MuiButton-startIcon"
            >
              <svg
                aria-hidden="true"
                class="MuiSvgIcon-root MuiSvgIcon-fontSizeMedium css-1umw9bq-MuiSvgIcon-root"
                data-testid="AddShoppingCartIcon"
                focusable="false"
                viewBox="0 0 24 24"
              >
                <path
                  d="M11 9h2V6h3V4h-3V1h-2v3H8v2h3zm-4 9c-1.1 0-1.99.9-1.99 2S5.9 22 7 22s2-.9 2-2-.9-2-2-2m10 0c-1.1 0-1.99.9-1.99 2s.89 2 1.99 2 2-.9 2-2-.9-2-2-2m-9.83-3.25.03-.12.9-1.63h7.45c.75 0 1.41-.41 1.75-1.03l3.86-7.01L19.42 4h-.01l-1.1 2-2.76 5H8.53l-.13-.27L6.16 6l-.95-2-.94-2H1v2h2l3.6 7.59-1.35 2.45c-.16.28-.25.61-.25.96 0 1.1.9 2 2 2h12v-2H7.42c-.13 0-.25-.11-.25-.25"
                />
              </svg>
            </span>
            AÃ±adir al carrito
          </button>
        </div>
      </div>
      <div
        class="MuiGrid-root MuiGrid-direction-xs-row MuiGrid-grid-xs-12 css-yqiqnf-MuiGrid-root"
      >
        <hr
          class="MuiDivider-root MuiDivider-fullWidth css-1jpc804-MuiDivider-root"
        />
      </div>
      <div
        class="MuiGrid-root MuiGrid-container MuiGrid-direction-xs-row MuiGrid-grid-xs-12 MuiGrid-spacing-xs-2 css-1314ia1-MuiGrid-root"
      >
        <div
          class="MuiGrid-root MuiGrid-direction-xs-row MuiGrid-grid-xs-12 css-yqiqnf-MuiGrid-root"
        >
          <h2
            class="MuiTypography-root MuiTypography-h5 css-16xl4zq-MuiTypography-root"
          >
            Productos similares
          </h2>
        </div>
      </div>
    </div>
  </div>
</div>
`;
