// Vitest Snapshot v1, https://vitest.dev/guide/snapshot.html

exports[`Given ConfirmDeleteDialog component > When the component is rendered > Then it should match the snapshot 1`] = `
<div
  aria-hidden="true"
/>
`;
